Radek
dośdane
doćdane
doądane
